// Vitest Snapshot v1, https://vitest.dev/guide/snapshot.html

exports[`exports > exports from index.ts 1`] = `
[
  "AFTER_UPDATE",
  "CaretLeftIcon",
  "CaretRightIcon",
  "CarrierBoxLoader",
  "CarrierLogoLoader",
  "CheckboxGroupInput",
  "DATES_SHOWN_MD",
  "DATES_SHOWN_SM",
  "DISABLE_DELIVERY_OPTIONS",
  "DoButton",
  "ERROR",
  "EcoFriendlyIcon",
  "EcoFriendlyLabel",
  "FIELD_DELIVERY_DATE",
  "FIELD_DELIVERY_MOMENT",
  "FIELD_HOME_OR_PICKUP",
  "FIELD_PICKUP_LOCATION",
  "FIELD_SHIPMENT_OPTIONS",
  "GroupInput",
  "GroupInputLoader",
  "HIDE_DELIVERY_OPTIONS",
  "HOME_OR_PICKUP_HOME",
  "HOME_OR_PICKUP_PICKUP",
  "IconButton",
  "Icons",
  "InfoLabel",
  "LeafletMap",
  "LeafletMapInner",
  "LeafletMarker",
  "MAP_MARKER_CLASS_ACTIVE",
  "MAP_MARKER_CLASS_PREFIX",
  "MyParcelDeliveryOptions",
  "OUTPUT_EVENT_DEBOUNCE_DELAY",
  "ParcelLockerIcon",
  "PriceTag",
  "RENDER_DELIVERY_OPTIONS",
  "RadioButtonLoader",
  "RadioGroupInput",
  "SHOWN_OPENING_HOURS",
  "SHOWN_SHIPMENT_OPTIONS",
  "SHOW_DELIVERY_OPTIONS",
  "UPDATE",
  "UPDATED_ADDRESS",
  "UPDATED_DELIVERY_OPTIONS",
  "UPDATE_CONFIG_IN",
  "UPDATE_DELIVERY_OPTIONS",
  "bootDeliveryOptions",
  "calculateCutoffTime",
  "calculateDropOffDays",
  "createCarrierMarkerIcon",
  "createDeliveryTypeTranslatable",
  "createGetDeliveryOptionsParameters",
  "createNextDate",
  "createPackageTypeTranslatable",
  "createRelativeDateFormatter",
  "createUtcDate",
  "getConfigFromWindow",
  "getConfigPriceKey",
  "getDefaultAddress",
  "getDeliveryTypePrice",
  "getFullPickupLocation",
  "getResolvedCarrier",
  "getResolvedDeliveryType",
  "getResolvedValue",
  "hasSlotContent",
  "padStart",
  "parseJson",
  "showDeveloperInfo",
  "stringToDate",
  "toTime",
  "useActiveCarriers",
  "useAddressStore",
  "useBreakpoints",
  "useCarrierSettings",
  "useConfigStore",
  "useCurrentPlatform",
  "useDateFormat",
  "useDeliveryOptionsForm",
  "useDeliveryOptionsIncomingEvents",
  "useDeliveryOptionsOutgoingEvents",
  "useFeatures",
  "useFormatDistance",
  "useLanguage",
  "useMostEcoFriendly",
  "useOptionsGroupedByCarrier",
  "usePickupLocation",
  "useProvideElementWidth",
  "useResolvedCarrier",
  "useResolvedDeliveryDates",
  "useResolvedDeliveryMoments",
  "useResolvedDeliveryOptions",
  "useResolvedPickupLocations",
  "useResolvedValues",
  "useSelectedDeliveryDate",
  "useSelectedDeliveryMoment",
  "useSelectedPickupLocation",
  "useShipmentOptionsOptions",
  "useTimeRange",
]
`;
