// Vitest Snapshot v1, https://vitest.dev/guide/snapshot.html

exports[`getDeliveryTypeConfigMap > should return the correct config map 1`] = `
{
  "evening": "allowEveningDelivery",
  "monday": "allowMondayDelivery",
  "morning": "allowMorningDelivery",
  "pickup": "allowPickupLocations",
  "same_day": "allowSameDayDelivery",
  "saturday": "allowSaturdayDelivery",
  "standard": "allowDeliveryOptions",
}
`;
